******************************************************************************
                  TI ARM Linker PC v20.2.7                     
******************************************************************************
>> Linked Sun Jun  1 21:37:29 2025

OUTPUT FILE NAME:   <aws-rest-api-ssl-demo.out>
ENTRY POINT SYMBOL: "_c_int00_noargs"  address: 20010fa5


MEMORY CONFIGURATION

         name            origin    length      used     unused   attr    fill
----------------------  --------  ---------  --------  --------  ----  --------
  SRAM_CODE             20004000   00013000  0000e330  00004cd0  RW X
  SRAM_DATA             20017000   00019000  000097cb  0000f835  RW X


SEGMENT ALLOCATION MAP

run origin  load origin   length   init length attrs members
----------  ----------- ---------- ----------- ----- -------
20004000    20004000    0000e338   0000e338    r-x
  20004000    20004000    00000400   00000400    r-- .intvecs
  20004400    20004400    0000d366   0000d366    r-x .text
  20011768    20011768    00000b6a   00000b6a    r-- .const
  200122d8    200122d8    00000060   00000060    r-- .cinit
20017000    20017000    000087cc   00000000    rw-
  20017000    20017000    00008000   00000000    rw- .sysmem
  2001f000    2001f000    00000713   00000000    rw- .bss
  2001f714    2001f714    000000b8   00000000    rw- .data
2002f000    2002f000    00001000   00000000    rw-
  2002f000    2002f000    00001000   00000000    rw- .stack


SECTION ALLOCATION MAP

 output                                  attributes/
section   page    origin      length       input sections
--------  ----  ----------  ----------   ----------------
.intvecs   0    20004000    00000400     
                  20004000    00000400     startup_ccs.obj (.intvecs)

.init_array 
*          0    20004000    00000000     UNINITIALIZED

.text      0    20004400    0000d366     
                  20004400    00000ed8     network_utils.obj (.text)
                  200052d8    00000a80     Adafruit_GFX.obj (.text)
                  20005d58    00000a4e     rtsv7M4_T_le_eabi.lib : _printfi.c.obj (.text:__TI_printfi)
                  200067a6    00000002     driverlib.a : interrupt.obj (.text:IntDefaultHandler)
                  200067a8    000007c4     AWSIoT.obj (.text)
                  20006f6c    00000798     Machine.obj (.text)
                  20007704    000006bc     rtsv7M4_T_le_eabi.lib : e_powf.c.obj (.text:powf)
                  20007dc0    00000590     simplelink.a : driver.obj (.text:_SlDrvMsgRead)
                  20008350    0000047a     Adafruit_OLED.obj (.text)
                  200087ca    00000002     rtsv7M4_T_le_eabi.lib : _lock.c.obj (.text:_nop)
                  200087cc    00000398     gpio_if.obj (.text)
                  20008b64    00000358     OptionsUI.obj (.text)
                  20008ebc    000002c4     SettingsOptions.obj (.text)
                  20009180    000002a0     i2c_if.obj (.text)
                  20009420    00000280     simplelink.a : wlan.obj (.text:sl_WlanConnect)
                  200096a0    0000027c     uart_if.obj (.text)
                  2000991c    00000268     rtsv7M4_T_le_eabi.lib : _printfi.c.obj (.text:_pconv_a)
                  20009b84    00000250     MainOptions.obj (.text)
                  20009dd4    00000250     UserInput.obj (.text)
                  2000a024    0000024c     MainScreen.obj (.text)
                  2000a270    00000248     simplelink.a : driver.obj (.text:_SlDrvRxHdrRead)
                  2000a4b8    00000234     StepperMotor.obj (.text)
                  2000a6ec    000001f8     Button.obj (.text)
                  2000a8e4    000001e4     simplelink.a : driver.obj (.text:_SlDrvDataReadOp)
                  2000aac8    000001d0     AdjustmentUI.obj (.text)
                  2000ac98    000001d0     simplelink.a : driver.obj (.text:_SlDrvReleasePoolObj)
                  2000ae68    000001cc     rtsv7M4_T_le_eabi.lib : _printfi.c.obj (.text:_pconv_g)
                  2000b034    000001c4     MoveOptions.obj (.text)
                  2000b1f8    000001b6     rtsv7M4_T_le_eabi.lib : fd_add_t2.asm.obj (.text)
                  2000b3ae    00000002                           : div0.asm.obj (.text)
                  2000b3b0    000001b4     simplelink.a : driver.obj (.text:_SlDrvDriverCBInit)
                  2000b564    000001b0     pin_mux_config.obj (.text)
                  2000b714    000001a0     timer_if.obj (.text)
                  2000b8b4    0000019c     simplelink.a : driver.obj (.text:_SlDrvMsgWrite)
                  2000ba50    00000190                  : driver.obj (.text:_SlDrvWaitForPoolObj)
                  2000bbe0    0000018c                  : socket.obj (.text:sl_Connect)
                  2000bd6c    00000178     driverlib.a : prcm.obj (.text:PRCMCC3200MCUInit)
                  2000bee4    00000170     simplelink.a : driver.obj (.text:_SlFindAndSetActiveObj)
                  2000c054    00000150                  : driver.obj (.text:_SlDrvDataWriteOp)
                  2000c1a4    00000148                  : cc_pal.obj (.text:spi_Open)
                  2000c2ec    00000144                  : driver.obj (.text:_SlDrvMsgReadCmdCtx)
                  2000c430    00000144                  : netapp.obj (.text:sl_NetAppDnsGetHostByName)
                  2000c574    0000013c     rtsv7M4_T_le_eabi.lib : _printfi.c.obj (.text:_pconv_e)
                  2000c6b0    00000136                           : fd_div_t2.asm.obj (.text)
                  2000c7e6    00000002     --HOLE-- [fill = 0]
                  2000c7e8    00000134     simplelink.a : socket.obj (.text:sl_Send)
                  2000c91c    00000130                  : driver.obj (.text:_SlDrvDriverCBDeinit)
                  2000ca4c    00000120     rtsv7M4_T_le_eabi.lib : _printfi.c.obj (.text:fcvt)
                  2000cb6c    00000108     main.obj (.text)
                  2000cc74    00000104     simplelink.a : netapp.obj (.text:_SlDrvNetAppEventHandler)
                  2000cd78    00000100     rtsv7M4_T_le_eabi.lib : memory.c.obj (.text:aligned_alloc)
                  2000ce78    000000fc                           : fd_mul_t2.asm.obj (.text)
                  2000cf74    000000fa                           : fs_add_t2.asm.obj (.text)
                  2000d06e    00000002     --HOLE-- [fill = 0]
                  2000d070    000000f0     simplelink.a : device.obj (.text:sl_Stop)
                  2000d160    000000f0                  : cc_pal.obj (.text:spi_Read)
                  2000d250    000000f0     driverlib.a : udma.obj (.text:uDMAChannelTransferSet)
                  2000d340    000000ec     simplelink.a : device.obj (.text:sl_Start)
                  2000d42c    000000e8                  : driver.obj (.text:_SlAsyncEventGenericHandler)
                  2000d514    000000e8                  : driver.obj (.text:_SlDrvMsgReadSpawnCtx)
                  2000d5fc    000000e4     rtsv7M4_T_le_eabi.lib : memory.c.obj (.text:free)
                  2000d6e0    000000e4                           : memory.c.obj (.text:realloc)
                  2000d7c4    000000e4     simplelink.a : netapp.obj (.text:sl_NetAppMDNSRegisterUnregisterService)
                  2000d8a8    000000dc                  : driver.obj (.text:_SlDrvClassifyRxMsg)
                  2000d984    000000d4     OLED.obj (.text)
                  2000da58    000000d0     rtsv7M4_T_le_eabi.lib : s_scalbn.c.obj (.text:scalbn)
                  2000db28    000000cc     simplelink.a : netapp.obj (.text:_sl_HandleAsync_DnsGetHostByService)
                  2000dbf4    000000cc                  : device.obj (.text:sl_DevGet)
                  2000dcc0    000000c4                  : driver.obj (.text:_SlRemoveFromList)
                  2000dd84    000000c0                  : driver.obj (.text:_SlDrvCmdOp)
                  2000de44    000000b1     rtsv7M4_T_le_eabi.lib : _printfi.c.obj (.text:_ltostr)
                  2000def5    00000003     --HOLE-- [fill = 0]
                  2000def8    000000b0     simplelink.a : nonos.obj (.text:_SlNonOsSemGet)
                  2000dfa8    000000ac     rtsv7M4_T_le_eabi.lib : s_scalbnf.c.obj (.text:scalbnf)
                  2000e054    000000a8     driverlib.a : interrupt.obj (.text:IntDisable)
                  2000e0fc    000000a8                 : interrupt.obj (.text:IntEnable)
                  2000e1a4    000000a4     simplelink.a : driver.obj (.text:_SlDriverHandleError)
                  2000e248    000000a0     driverlib.a : spi.obj (.text:SPIConfigSetExpClk)
                  2000e2e8    000000a0     simplelink.a : socket.obj (.text:sl_Recv)
                  2000e388    0000009c     rtsv7M4_T_le_eabi.lib : memcpy_t2.asm.obj (.text)
                  2000e424    0000009a     simplelink.a : device.obj (.text:_SlDrvDeviceEventHandler)
                  2000e4be    00000002     --HOLE-- [fill = 0]
                  2000e4c0    00000098                  : device.obj (.text:sl_DevSet)
                  2000e558    00000098                  : netcfg.obj (.text:sl_NetCfgSet)
                  2000e5f0    00000098                  : socket.obj (.text:sl_SetSockOpt)
                  2000e688    00000098                  : wlan.obj (.text:sl_WlanSet)
                  2000e720    00000098                  : cc_pal.obj (.text:spi_Write)
                  2000e7b8    00000098     rtsv7M4_T_le_eabi.lib : e_sqrtf.c.obj (.text:sqrtf)
                  2000e850    00000096                           : ull_div_t2.asm.obj (.text)
                  2000e8e6    00000002     --HOLE-- [fill = 0]
                  2000e8e8    00000094     driverlib.a : prcm.obj (.text:PRCMPeripheralClockGet)
                  2000e97c    00000092     rtsv7M4_T_le_eabi.lib : fs_div_t2.asm.obj (.text)
                  2000ea0e    00000002     --HOLE-- [fill = 0]
                  2000ea10    00000090     simplelink.a : netapp.obj (.text:_sl_HandleAsync_DnsGetHostByName)
                  2000eaa0    00000090                  : netapp.obj (.text:_sl_HandleAsync_PingResponse)
                  2000eb30    00000090                  : wlan.obj (.text:sl_WlanPolicySet)
                  2000ebc0    0000008c                  : cc_pal.obj (.text:SetupDMAReceive)
                  2000ec4c    0000008c                  : cc_pal.obj (.text:SetupDMASend)
                  2000ecd8    0000008c                  : driver.obj (.text:_SlDrvIsTimeoutExpired)
                  2000ed64    0000008c                  : device.obj (.text:_sl_HandleAsync_InitComplete)
                  2000edf0    0000008c                  : socket.obj (.text:sl_Socket)
                  2000ee7c    00000088     driverlib.a : pin.obj (.text:PinConfigSet)
                  2000ef04    00000086     rtsv7M4_T_le_eabi.lib : fd_cmp_t2.asm.obj (.text:__aeabi_cdcmple)
                  2000ef8a    00000086                           : fd_cmp_t2.asm.obj (.text:__aeabi_cdrcmple)
                  2000f010    00000084     driverlib.a : i2c.obj (.text:I2CMasterInitExpClk)
                  2000f094    00000084     simplelink.a : wlan.obj (.text:sl_WlanRxFilterSet)
                  2000f118    00000082     driverlib.a : gpio.obj (.text:GPIOIntTypeSet)
                  2000f19a    00000002     --HOLE-- [fill = 0]
                  2000f19c    00000080     simplelink.a : socket.obj (.text:_sl_HandleAsync_Connect)
                  2000f21c    00000080                  : cc_pal.obj (.text:spi_Read_CPU)
                  2000f29c    00000080                  : cc_pal.obj (.text:spi_Write_CPU)
                  2000f31c    0000007a     rtsv7M4_T_le_eabi.lib : fs_mul_t2.asm.obj (.text)
                  2000f396    0000007a                           : memset_t2.asm.obj (.text)
                  2000f410    00000078                           : s_floorf.c.obj (.text:floorf)
                  2000f488    00000078     simplelink.a : cc_pal.obj (.text:spi_Close)
                  2000f500    00000076     driverlib.a : uart.obj (.text:UARTConfigSetExpClk)
                  2000f576    00000002     --HOLE-- [fill = 0]
                  2000f578    00000074     simplelink.a : nonos.obj (.text:_SlNonOsMainLoopTask)
                  2000f5ec    00000074     rtsv7M4_T_le_eabi.lib : s_roundf.c.obj (.text:roundf)
                  2000f660    00000070     driverlib.a : timer.obj (.text:TimerIntRegister)
                  2000f6d0    00000070     rtsv7M4_T_le_eabi.lib : memory.c.obj (.text:split)
                  2000f740    0000006e                           : _printfi.c.obj (.text:_mcpy)
                  2000f7ae    0000006e                           : fd_tos_t2.asm.obj (.text)
                  2000f81c    0000006c     simplelink.a : driver.obj (.text:_SlDrvCmdSend)
                  2000f888    0000006c                  : netapp.obj (.text:_sl_NetAppSendTokenValue)
                  2000f8f4    00000068     driverlib.a : timer.obj (.text:TimerIntUnregister)
                  2000f95c    00000068     rtsv7M4_T_le_eabi.lib : copy_decompress_lzss.c.obj (.text:decompress:lzss:__TI_decompress_lzss)
                  2000f9c4    00000064     simplelink.a : nonos.obj (.text:_SlNonOsSpawn)
                  2000fa28    00000064                  : socket.obj (.text:_sl_HandleAsync_Accept)
                  2000fa8c    00000064                  : netapp.obj (.text:sl_NetAppMDNSUnRegisterService)
                  2000faf0    00000064     driverlib.a : udma.obj (.text:uDMAChannelAttributeDisable)
                  2000fb54    00000064                 : udma.obj (.text:uDMAChannelAttributeEnable)
                  2000fbb8    00000060     Clock.obj (.text)
                  2000fc18    00000060     rtsv7M4_T_le_eabi.lib : fs_cmp_t2.asm.obj (.text:__aeabi_cfcmple)
                  2000fc78    00000060                           : fs_cmp_t2.asm.obj (.text:__aeabi_cfrcmple)
                  2000fcd8    00000060     simplelink.a : socket.obj (.text:sl_Close)
                  2000fd38    00000060                  : wlan.obj (.text:sl_WlanProfileDel)
                  2000fd98    00000060                  : wlan.obj (.text:sl_WlanSetMode)
                  2000fdf8    0000005c     IRSensor.obj (.text)
                  2000fe54    0000005c     rtsv7M4_T_le_eabi.lib : s_frexp.c.obj (.text:frexp)
                  2000feb0    00000058     driverlib.a : interrupt.obj (.text:IntPendClear)
                  2000ff08    00000058                 : prcm.obj (.text:PRCMPeripheralReset)
                  2000ff60    00000056     rtsv7M4_T_le_eabi.lib : _printfi.c.obj (.text:_pconv_f)
                  2000ffb6    00000002     --HOLE-- [fill = 0]
                  2000ffb8    00000054     driverlib.a : interrupt.obj (.text:IntPrioritySet)
                  2001000c    00000054     simplelink.a : driver.obj (.text:_SlDrvRxIrqHandler)
                  20010060    00000054     rtsv7M4_T_le_eabi.lib : _ltoa.c.obj (.text:__TI_ltoa)
                  200100b4    00000054     simplelink.a : socket.obj (.text:_sl_HandleAsync_Select)
                  20010108    00000052     rtsv7M4_T_le_eabi.lib : _printfi.c.obj (.text:_ecpy)
                  2001015a    00000002     --HOLE-- [fill = 0]
                  2001015c    00000050     simplelink.a : device.obj (.text:_sl_HandleAsync_Stop)
                  200101ac    0000004c     driverlib.a : spi.obj (.text:SPIIntEnable)
                  200101f8    0000004c                 : spi.obj (.text:SPIIntNumberGet)
                  20010244    0000004c     simplelink.a : driver.obj (.text:_SlDrvProtectAsyncRespSetting)
                  20010290    0000004c                  : socket.obj (.text:_sl_BuildAddress)
                  200102dc    0000004c     rtsv7M4_T_le_eabi.lib : atoi.c.obj (.text:atoi)
                  20010328    0000004c                           : snprintf.c.obj (.text:snprintf)
                  20010374    0000004c     driverlib.a : udma.obj (.text:uDMAChannelAssign)
                  200103c0    00000048                 : gpio.obj (.text:GPIOGetIntNumber)
                  20010408    00000048                 : spi.obj (.text:SPIIntClear)
                  20010450    00000048     simplelink.a : driver.obj (.text:_SlDrvBasicCmd)
                  20010498    00000048     rtsv7M4_T_le_eabi.lib : fd_toi_t2.asm.obj (.text)
                  200104e0    00000044     driverlib.a : spi.obj (.text:SPIDmaMaskGet)
                  20010524    00000044                 : timer.obj (.text:TimerConfigure)
                  20010568    00000044     simplelink.a : driver.obj (.text:_SlDrvHandleHttpServerEvents)
                  200105ac    00000044                  : driver.obj (.text:_SlDrvSyncObjWaitTimeout)
                  200105f0    00000044     rtsv7M4_T_le_eabi.lib : autoinit.c.obj (.text:__TI_auto_init_nobinit_nopinit:__TI_auto_init_nobinit_nopinit)
                  20010634    00000044     simplelink.a : cc_pal.obj (.text:cc_SetupTransfer)
                  20010678    00000042                  : socket.obj (.text:sl_Htonl)
                  200106ba    00000002     --HOLE-- [fill = 0]
                  200106bc    00000040     driverlib.a : pin.obj (.text:PinModeSet)
                  200106fc    00000040     Utils.obj (.text)
                  2001073c    00000040     simplelink.a : driver.obj (.text:_SlDrvHandleNetAppEvents)
                  2001077c    00000040                  : driver.obj (.text:_SlDrvHandleWlanEvents)
                  200107bc    00000040                  : socket.obj (.text:_sl_TruncatePayloadByProtocol)
                  200107fc    00000040     rtsv7M4_T_le_eabi.lib : sprintf.c.obj (.text:sprintf)
                  2001083c    00000040                           : vsnprintf.c.obj (.text:vsnprintf)
                  2001087c    0000003e     simplelink.a : cc_pal.obj (.text:NwpRegisterInterruptHandler)
                  200108ba    0000003e     rtsv7M4_T_le_eabi.lib : _printfi.c.obj (.text:_fcpy)
                  200108f8    0000003c     simplelink.a : netapp.obj (.text:CopyPingResultsToReport)
                  20010934    0000003c     driverlib.a : prcm.obj (.text:PRCMPeripheralClkEnable)
                  20010970    0000003c     simplelink.a : cc_pal.obj (.text:simplelink_timerA2_start)
                  200109ac    0000003c                  : socket.obj (.text:sl_Htons)
                  200109e8    0000003c     driverlib.a : udma.obj (.text:uDMAChannelControlSet)
                  20010a24    00000038     simplelink.a : cc_pal.obj (.text:NwpPowerOff)
                  20010a5c    00000038     rtsv7M4_T_le_eabi.lib : fs_tod_t2.asm.obj (.text)
                  20010a94    00000038                           : fs_toi_t2.asm.obj (.text)
                  20010acc    00000038                           : i_tofs_t2.asm.obj (.text)
                  20010b04    00000038     simplelink.a : wlan.obj (.text:sl_WlanDisconnect)
                  20010b3c    00000036     driverlib.a : gpio.obj (.text:GPIODirModeSet)
                  20010b72    00000002     --HOLE-- [fill = 0]
                  20010b74    00000034                 : prcm.obj (.text:PRCMPeripheralStatusGet)
                  20010ba8    00000034                 : spi.obj (.text:SPIFIFOLevelSet)
                  20010bdc    00000030                 : pin.obj (.text:PinTypeGPIO)
                  20010c0c    00000030                 : uart.obj (.text:UARTDisable)
                  20010c3c    00000030     rtsv7M4_T_le_eabi.lib : snprintf.c.obj (.text:_outs)
                  20010c6c    00000030                           : vsnprintf.c.obj (.text:_outs)
                  20010c9c    0000002e                           : i_tofd_t2.asm.obj (.text)
                  20010cca    0000002c     driverlib.a : i2c.obj (.text:I2CMasterErr)
                  20010cf6    00000002     --HOLE-- [fill = 0]
                  20010cf8    0000002c     simplelink.a : cc_pal.obj (.text:NwpPowerOn)
                  20010d24    0000002c     driverlib.a : prcm.obj (.text:PRCMSysResetCauseGet)
                  20010d50    0000002c     simplelink.a : driver.obj (.text:_SlDrvObjGlobalLockWaitForever)
                  20010d7c    0000002c                  : driver.obj (.text:_SlDrvProtectionObjLockWaitForever)
                  20010da8    0000002a     driverlib.a : timer.obj (.text:TimerLoadSet)
                  20010dd2    0000002a                 : timer.obj (.text:TimerPrescaleSet)
                  20010dfc    00000028                 : prcm.obj (.text:PRCMPeripheralClkDisable)
                  20010e24    00000028     simplelink.a : driver.obj (.text:_SlDrvGlobalObjUnLock)
                  20010e4c    00000028                  : driver.obj (.text:_SlDrvProtectionObjUnLock)
                  20010e74    00000028                  : driver.obj (.text:_SlDrvSyncObjWaitForever)
                  20010e9c    00000028     rtsv7M4_T_le_eabi.lib : memory.c.obj (.text:free_list_insert)
                  20010ec4    00000028                           : memmov.c.obj (.text:memmove)
                  20010eec    00000026     simplelink.a : driver.obj (.text:_SlDrvObjLockWaitForever)
                  20010f12    00000026     network_common.obj (.text)
                  20010f38    00000024     simplelink.a : cc_pal.obj (.text:DmaSpiSwIntHandler)
                  20010f5c    00000024     driverlib.a : interrupt.obj (.text:IntUnregister)
                  20010f80    00000024                 : uart.obj (.text:UARTEnable)
                  20010fa4    00000024     rtsv7M4_T_le_eabi.lib : boot_cortex_m.c.obj (.text:_c_int00_noargs:_c_int00_noargs)
                  20010fc8    00000024                           : u_tofs_t2.asm.obj (.text)
                  20010fec    00000022     driverlib.a : gpio.obj (.text:GPIOIntStatus)
                  2001100e    00000022                 : i2c.obj (.text:I2CMasterSlaveAddrSet)
                  20011030    00000022                 : spi.obj (.text:SPIReset)
                  20011052    00000022                 : spi.obj (.text:SPIWordCountSet)
                  20011074    00000020                 : gpio.obj (.text:GPIOPinWrite)
                  20011094    00000020                 : interrupt.obj (.text:IntRegister)
                  200110b4    00000020     simplelink.a : cc_pal.obj (.text:NwpPrePowerOffTimout0)
                  200110d4    00000020     driverlib.a : spi.obj (.text:SPIDataGet)
                  200110f4    00000020     simplelink.a : cc_pal.obj (.text:TimerGetCurrentTimestamp)
                  20011114    00000020                  : driver.obj (.text:_SlDrvObjUnLock)
                  20011134    00000020                  : driver.obj (.text:_SlDrvSyncObjSignal)
                  20011154    00000020     rtsv7M4_T_le_eabi.lib : u_tofd_t2.asm.obj (.text)
                  20011174    0000001e     driverlib.a : gpio.obj (.text:GPIOIntRegister)
                  20011192    0000001e                 : i2c.obj (.text:I2CMasterIntStatusEx)
                  200111b0    0000001e                 : spi.obj (.text:SPIDataPut)
                  200111ce    0000001e                 : timer.obj (.text:TimerDisable)
                  200111ec    0000001e                 : timer.obj (.text:TimerEnable)
                  2001120a    0000001e                 : timer.obj (.text:TimerIntStatus)
                  20011228    0000001e                 : uart.obj (.text:UARTCharPut)
                  20011246    0000001e     simplelink.a : cc_pal.obj (.text:cc_UDMAChannelSelect)
                  20011264    0000001e     rtsv7M4_T_le_eabi.lib : strcat.c.obj (.text:strcat)
                  20011282    0000001c     driverlib.a : pin.obj (.text:PinTypeI2C)
                  2001129e    0000001c                 : timer.obj (.text:TimerValueGet)
                  200112ba    0000001c                 : uart.obj (.text:UARTCharGetNonBlocking)
                  200112d6    0000001c     simplelink.a : driver.obj (.text:_SlDrvStartMeasureTimeout)
                  200112f2    00000002     --HOLE-- [fill = 0]
                  200112f4    0000001c     rtsv7M4_T_le_eabi.lib : memory.c.obj (.text:free_list_remove)
                  20011310    0000001c                           : memccpy.c.obj (.text:memccpy)
                  2001132c    0000001c     driverlib.a : udma.obj (.text:uDMAChannelEnable)
                  20011348    0000001a                 : gpio.obj (.text:GPIOIntEnable)
                  20011362    0000001a                 : pin.obj (.text:PinTypeSPI)
                  2001137c    0000001a                 : pin.obj (.text:PinTypeUART)
                  20011396    0000001a                 : spi.obj (.text:SPIDmaDisable)
                  200113b0    0000001a                 : spi.obj (.text:SPIDmaEnable)
                  200113ca    0000001a                 : spi.obj (.text:SPIFIFODisable)
                  200113e4    0000001a                 : spi.obj (.text:SPIFIFOEnable)
                  200113fe    0000001a                 : spi.obj (.text:SPIIntUnregister)
                  20011418    00000018                 : gpio.obj (.text:GPIOPinRead)
                  20011430    00000018                 : i2c.obj (.text:I2CMasterIntEnableEx)
                  20011448    00000018                 : spi.obj (.text:SPICSDisable)
                  20011460    00000018                 : spi.obj (.text:SPICSEnable)
                  20011478    00000018                 : spi.obj (.text:SPIDisable)
                  20011490    00000018                 : spi.obj (.text:SPIEnable)
                  200114a8    00000018                 : timer.obj (.text:TimerIntDisable)
                  200114c0    00000018                 : timer.obj (.text:TimerIntEnable)
                  200114d8    00000018                 : uart.obj (.text:UARTCharsAvail)
                  200114f0    00000018     simplelink.a : nonos.obj (.text:_SlNonOsSemSet)
                  20011508    00000018     rtsv7M4_T_le_eabi.lib : snprintf.c.obj (.text:_outc)
                  20011520    00000018                           : vsnprintf.c.obj (.text:_outc)
                  20011538    00000018                           : sprintf.c.obj (.text:_outs)
                  20011550    00000018     simplelink.a : device.obj (.text:_sl_GetStartResponseConvert)
                  20011568    00000016     driverlib.a : i2c.obj (.text:I2CMasterDataPut)
                  2001157e    00000016                 : i2c.obj (.text:I2CMasterEnable)
                  20011594    00000016                 : i2c.obj (.text:I2CMasterIntClear)
                  200115aa    00000016                 : prcm.obj (.text:PRCMHIBRegRead)
                  200115c0    00000016                 : prcm.obj (.text:PRCMHIBRegWrite)
                  200115d6    00000016     simplelink.a : driver.obj (.text:_SlDrvMemZero)
                  200115ec    00000016     rtsv7M4_T_le_eabi.lib : strchr.c.obj (.text:strchr)
                  20011602    00000014     driverlib.a : cpu.obj (.text:CPUcpsie)
                  20011616    00000014                 : gpio.obj (.text:GPIOIntClear)
                  2001162a    00000002     --HOLE-- [fill = 0]
                  2001162c    00000014                 : interrupt.obj (.text:IntVTableBaseSet)
                  20011640    00000014     rtsv7M4_T_le_eabi.lib : strcpy.c.obj (.text:strcpy)
                  20011654    00000014                           : strlen.c.obj (.text:strlen)
                  20011668    00000012     driverlib.a : i2c.obj (.text:I2CMasterControl)
                  2001167a    00000012                 : i2c.obj (.text:I2CMasterTimeoutSet)
                  2001168c    00000012                 : timer.obj (.text:TimerIntClear)
                  2001169e    00000012     rtsv7M4_T_le_eabi.lib : wcslen.c.obj (.text:wcslen)
                  200116b0    00000010     simplelink.a : driver.obj (.text:_SlDrvDispatchHttpServerEvents)
                  200116c0    0000000e     driverlib.a : i2c.obj (.text:I2CMasterDataGet)
                  200116ce    0000000e     simplelink.a : driver.obj (.text:_SlDrvResetCmdExt)
                  200116dc    0000000e     rtsv7M4_T_le_eabi.lib : copy_decompress_none.c.obj (.text:decompress:none:__TI_decompress_none)
                  200116ea    0000000e     startup_ccs.obj (.text)
                  200116f8    0000000c     simplelink.a : cc_pal.obj (.text:NwpMaskInterrupt)
                  20011704    0000000c                  : cc_pal.obj (.text:NwpUnMaskInterrupt)
                  20011710    0000000c     rtsv7M4_T_le_eabi.lib : s_copysign.c.obj (.text:copysign)
                  2001171c    0000000c                           : s_copysignf.c.obj (.text:copysignf)
                  20011728    0000000c                           : copy_zero_init.c.obj (.text:decompress:ZI:__TI_zero_init)
                  20011734    0000000a     driverlib.a : interrupt.obj (.text:IntMasterEnable)
                  2001173e    0000000a     rtsv7M4_T_le_eabi.lib : sprintf.c.obj (.text:_outc)
                  20011748    00000008                           : errno.c.obj (.text:__aeabi_errno_addr)
                  20011750    00000008                           : memory.c.obj (.text:malloc)
                  20011758    00000006     driverlib.a : utils.obj (.text:UtilsDelay)
                  2001175e    00000004     rtsv7M4_T_le_eabi.lib : pre_init.c.obj (.text:_system_pre_init)
                  20011762    00000004                           : exit.c.obj (.text:abort:abort)

.const     0    20011768    00000b6a     
                  20011768    000004fb     Adafruit_GFX.obj (.const:.string:font)
                  20011c63    00000101     rtsv7M4_T_le_eabi.lib : ctype.c.obj (.const:.string:_ctypes_)
                  20011d64    00000100     driverlib.a : pin.obj (.const:g_ulPinToPadMap)
                  20011e64    000000d4                 : interrupt.obj (.const:g_pulRegs)
                  20011f38    000000a8                 : prcm.obj (.const:PRCM_PeriphRegsList)
                  20011fe0    00000080     StepperMotor.obj (.const:steps)
                  20012060    0000003c     simplelink.a : driver.obj (.const:OpcodeTranslateTable)
                  2001209c    00000038                  : driver.obj (.const:_SlActionLookupTable)
                  200120d4    0000002c     network_utils.obj (.const:$P$T1$2)
                  20012100    00000024     driverlib.a : spi.obj (.const:g_ppulSPIIntMap)
                  20012124    00000022     network_utils.obj (.const:.string:$P$T0$1)
                  20012146    00000002     --HOLE-- [fill = 0]
                  20012148    00000020     simplelink.a : driver.obj (.const:RxMsgClassLUT)
                  20012168    00000018     rtsv7M4_T_le_eabi.lib : e_powf.c.obj (.const:$O1$$)
                  20012180    00000018     driverlib.a : interrupt.obj (.const:g_pulDisRegs)
                  20012198    00000018                 : interrupt.obj (.const:g_pulEnRegs)
                  200121b0    00000018                 : interrupt.obj (.const:g_pulUnpendRegs)
                  200121c8    00000018                 : spi.obj (.const:g_ulSPIDmaMaskMap)
                  200121e0    00000014     simplelink.a : driver.obj (.const:$P$T0$1)
                  200121f4    00000014                  : nonos.obj (.const:$P$T0$1)
                  20012208    00000014     network_utils.obj (.const:$P$T2$3)
                  2001221c    00000010     AWSIoT.obj (.const:.string:$P$T1$2)
                  2001222c    00000010     simplelink.a : socket.obj (.const:.string:_SlPayloadByProtocolLUT)
                  2001223c    0000000c     network_utils.obj (.const:$P$T4$5)
                  20012248    0000000c     AWSIoT.obj (.const:.string:$P$T0$1)
                  20012254    0000000c     network_utils.obj (.const:.string:$P$T3$4)
                  20012260    00000008     simplelink.a : device.obj (.const:StartResponseLUT)
                  20012268    00000008                  : driver.obj (.const:g_H2NCnysPattern)
                  20012270    00000008                  : driver.obj (.const:g_H2NSyncPattern)
                  20012278    00000004                  : wlan.obj (.const:$P$T0$1)
                  2001227c    00000004                  : socket.obj (.const:$P$T2$3)
                  20012280    00000004                  : device.obj (.const:_SlDeviceGetCmdCtrl)
                  20012284    00000004                  : device.obj (.const:_SlDeviceSetCmdCtrl)
                  20012288    00000004                  : netapp.obj (.const:_SlGetHostByNameCtrl)
                  2001228c    00000004                  : netapp.obj (.const:_SlNetAppSendTokenValueCmdCtrl)
                  20012290    00000004                  : netcfg.obj (.const:_SlNetCfgSetCmdCtrl)
                  20012294    00000004                  : wlan.obj (.const:_SlPolicySetCmdCtrl)
                  20012298    00000004                  : wlan.obj (.const:_SlProfileDelCmdCtrl)
                  2001229c    00000004                  : socket.obj (.const:_SlRecvCmdCtrl)
                  200122a0    00000004                  : netapp.obj (.const:_SlRegisterServiceCtrl)
                  200122a4    00000004                  : wlan.obj (.const:_SlRxFilterSetCmdCtrl)
                  200122a8    00000004                  : socket.obj (.const:_SlSendCmdCtrl)
                  200122ac    00000004                  : socket.obj (.const:_SlSetSockOptCmdCtrl)
                  200122b0    00000004                  : socket.obj (.const:_SlSockCloseCmdCtrl)
                  200122b4    00000004                  : socket.obj (.const:_SlSockSocketCmdCtrl)
                  200122b8    00000004                  : device.obj (.const:_SlStopCmdCtrl)
                  200122bc    00000004                  : wlan.obj (.const:_SlWlanCfgSetCmdCtrl)
                  200122c0    00000004                  : wlan.obj (.const:_SlWlanSetModeCmdCtrl)
                  200122c4    00000004                  : driver.obj (.const:httpServer_callbacks)
                  200122c8    00000004                  : driver.obj (.const:netApp_callbacks)
                  200122cc    00000003     IRSensor.obj (.const:.string:$P$T0$1)
                  200122cf    00000003     main.obj (.const:.string:$P$T0$1)

.cinit     0    200122d8    00000060     
                  200122d8    0000003a     (.cinit..data.load) [load image, compression = lzss]
                  20012312    00000002     --HOLE-- [fill = 0]
                  20012314    0000000c     (__TI_handler_table)
                  20012320    00000008     (.cinit..bss.load) [load image, compression = zero_init]
                  20012328    00000010     (__TI_cinit_table)

.sysmem    0    20017000    00008000     UNINITIALIZED
                  20017000    00000010     rtsv7M4_T_le_eabi.lib : memory.c.obj (.sysmem)
                  20017010    00007ff0     --HOLE--

.bss       0    2001f000    00000713     UNINITIALIZED
                  2001f000    00000400     Machine.obj (.bss:scanResult)
                  2001f400    00000168     simplelink.a : driver.obj (.bss:g_StatMem)
                  2001f568    00000050     (.common:g_ucDinDout)
                  2001f5b8    00000041     Machine.obj (.bss)
                  2001f5f9    00000001     (.common:RxIrqCnt)
                  2001f5fa    00000001     (.common:g_bDeviceRestartIsRequired)
                  2001f5fb    00000001     (.common:g_cDummy)
                  2001f5fc    0000002c     (.common:g_time)
                  2001f628    00000024     (.common:g_ucConnectionSSID)
                  2001f64c    0000001c     SettingsOptions.obj (.bss)
                  2001f668    0000001c     MainOptions.obj (.bss:optionTexts)
                  2001f684    00000018     SettingsOptions.obj (.bss:optionTexts)
                  2001f69c    00000010     MainScreen.obj (.bss)
                  2001f6ac    00000010     MoveOptions.obj (.bss)
                  2001f6bc    00000010     MoveOptions.obj (.bss:optionTexts)
                  2001f6cc    0000000c     UserInput.obj (.bss)
                  2001f6d8    00000008     MainOptions.obj (.bss)
                  2001f6e0    00000008     (.common:g_app_config)
                  2001f6e8    00000008     (.common:g_ucConnectionBSSID)
                  2001f6f0    00000004     AWSIoT.obj (.bss)
                  2001f6f4    00000004     Clock.obj (.bss)
                  2001f6f8    00000004     Machine.obj (.bss:readingsBuffer)
                  2001f6fc    00000004     uart_if.obj (.bss)
                  2001f700    00000004     (.common:g_Host)
                  2001f704    00000004     (.common:g_port)
                  2001f708    00000004     (.common:lastIRTimeUs)
                  2001f70c    00000004     (.common:lastMoved)
                  2001f710    00000001     (.common:g_ucLED1Pin)
                  2001f711    00000001     (.common:g_ucLED2Pin)
                  2001f712    00000001     (.common:g_ucLED3Pin)

.data      0    2001f714    000000b8     UNINITIALIZED
                  2001f714    0000003c     simplelink.a : nonos.obj (.data:g__SlNonOsCB)
                  2001f750    00000015     Adafruit_GFX.obj (.data)
                  2001f765    00000003     --HOLE--
                  2001f768    00000014     gpio_if.obj (.data:ulReg)
                  2001f77c    0000000d     simplelink.a : driver.obj (.data)
                  2001f789    00000003     --HOLE--
                  2001f78c    0000000c     gpio_if.obj (.data)
                  2001f798    0000000c     network_utils.obj (.data)
                  2001f7a4    00000009     simplelink.a : cc_pal.obj (.data)
                  2001f7ad    00000003     --HOLE--
                  2001f7b0    00000008     rtsv7M4_T_le_eabi.lib : _lock.c.obj (.data:$O1$$)
                  2001f7b8    00000008                           : memory.c.obj (.data:$O1$$)
                  2001f7c0    00000004     Clock.obj (.data)
                  2001f7c4    00000004     rtsv7M4_T_le_eabi.lib : errno.c.obj (.data)
                  2001f7c8    00000004     simplelink.a : driver.obj (.data:wlan_callbacks)

.stack     0    2002f000    00001000     UNINITIALIZED
                  2002f000    00000004     rtsv7M4_T_le_eabi.lib : boot_cortex_m.c.obj (.stack)
                  2002f004    00000ffc     --HOLE--

__llvm_prf_cnts 
*          0    20017000    00000000     UNINITIALIZED

MODULE SUMMARY

       Module                       code    ro data   rw data
       ------                       ----    -------   -------
    .\
       Adafruit_GFX.obj             2688    1275      21     
       AWSIoT.obj                   1988    28        4      
       Adafruit_OLED.obj            1146    0         0      
       startup_ccs.obj              14      1024      0      
       gpio_if.obj                  920     0         35     
       i2c_if.obj                   672     0         0      
       uart_if.obj                  636     0         4      
       pin_mux_config.obj           432     0         0      
       timer_if.obj                 416     0         0      
       main.obj                     264     3         0      
       Clock.obj                    96      0         8      
       network_common.obj           38      0         0      
    +--+----------------------------+-------+---------+---------+
       Total:                       9310    2330      72     
                                                             
    .\Scanner\
       Machine.obj                  1944    0         1097   
       StepperMotor.obj             564     128       0      
       IRSensor.obj                 92      3         0      
    +--+----------------------------+-------+---------+---------+
       Total:                       2600    131       1097   
                                                             
    .\UserInterface\
       OptionsUI.obj                856     0         4      
       SettingsOptions.obj          708     0         52     
       MainOptions.obj              592     0         36     
       MainScreen.obj               588     0         16     
       UserInput.obj                592     0         12     
       Button.obj                   504     0         0      
       MoveOptions.obj              452     0         32     
       AdjustmentUI.obj             464     0         0      
       OLED.obj                     212     0         0      
       Utils.obj                    64      0         0      
    +--+----------------------------+-------+---------+---------+
       Total:                       5032    0         152    
                                                             
    .\utils\
       network_utils.obj            3800    122       116    
    +--+----------------------------+-------+---------+---------+
       Total:                       3800    122       116    
                                                             
    C:/TI/CC3200SDK_1.5.0/cc3200-sdk/driverlib/ccs/Release/driverlib.a
       prcm.obj                     852     168       0      
       spi.obj                      860     60        0      
       interrupt.obj                608     284       0      
       udma.obj                     604     0         0      
       pin.obj                      328     256       0      
       timer.obj                    552     0         0      
       gpio.obj                     422     0         0      
       i2c.obj                      380     0         0      
       uart.obj                     284     0         0      
       cpu.obj                      20      0         0      
       utils.obj                    6       0         0      
    +--+----------------------------+-------+---------+---------+
       Total:                       4916    768       0      
                                                             
    C:/TI/CC3200SDK_1.5.0/cc3200-sdk/simplelink/ccs/NON_OS/simplelink.a
       driver.obj                   7906    192       379    
       cc_pal.obj                   1820    0         90     
       socket.obj                   1830    40        0      
       netapp.obj                   1572    12        0      
       wlan.obj                     1316    24        0      
       device.obj                   1230    20        0      
       nonos.obj                    416     20        60     
       netcfg.obj                   152     4         0      
    +--+----------------------------+-------+---------+---------+
       Total:                       16242   312       529    
                                                             
    C:\Users\daomi\TI\ccs1250\ccs\tools\compiler\ti-cgt-arm_20.2.7.LTS\lib\rtsv7M4_T_le_eabi.lib
       _printfi.c.obj               4835    0         0      
       e_powf.c.obj                 1724    24        0      
       memory.c.obj                 900     0         8      
       fd_add_t2.asm.obj            438     0         0      
       fd_div_t2.asm.obj            310     0         0      
       fd_cmp_t2.asm.obj            268     0         0      
       ctype.c.obj                  0       257       0      
       fd_mul_t2.asm.obj            252     0         0      
       fs_add_t2.asm.obj            250     0         0      
       s_scalbn.c.obj               208     0         0      
       fs_cmp_t2.asm.obj            192     0         0      
       s_scalbnf.c.obj              172     0         0      
       memcpy_t2.asm.obj            156     0         0      
       e_sqrtf.c.obj                152     0         0      
       ull_div_t2.asm.obj           150     0         0      
       snprintf.c.obj               148     0         0      
       fs_div_t2.asm.obj            146     0         0      
       vsnprintf.c.obj              136     0         0      
       fs_mul_t2.asm.obj            122     0         0      
       memset_t2.asm.obj            122     0         0      
       s_floorf.c.obj               120     0         0      
       s_roundf.c.obj               116     0         0      
       fd_tos_t2.asm.obj            110     0         0      
       copy_decompress_lzss.c.obj   104     0         0      
       sprintf.c.obj                98      0         0      
       s_frexp.c.obj                92      0         0      
       _ltoa.c.obj                  84      0         0      
       atoi.c.obj                   76      0         0      
       fd_toi_t2.asm.obj            72      0         0      
       autoinit.c.obj               68      0         0      
       fs_tod_t2.asm.obj            56      0         0      
       fs_toi_t2.asm.obj            56      0         0      
       i_tofs_t2.asm.obj            56      0         0      
       i_tofd_t2.asm.obj            46      0         0      
       memmov.c.obj                 40      0         0      
       boot_cortex_m.c.obj          36      0         0      
       u_tofs_t2.asm.obj            36      0         0      
       u_tofd_t2.asm.obj            32      0         0      
       strcat.c.obj                 30      0         0      
       memccpy.c.obj                28      0         0      
       strchr.c.obj                 22      0         0      
       strcpy.c.obj                 20      0         0      
       strlen.c.obj                 20      0         0      
       wcslen.c.obj                 18      0         0      
       copy_decompress_none.c.obj   14      0         0      
       copy_zero_init.c.obj         12      0         0      
       errno.c.obj                  8       0         4      
       s_copysign.c.obj             12      0         0      
       s_copysignf.c.obj            12      0         0      
       _lock.c.obj                  2       0         8      
       exit.c.obj                   4       0         0      
       pre_init.c.obj               4       0         0      
       div0.asm.obj                 2       0         0      
    +--+----------------------------+-------+---------+---------+
       Total:                       12187   281       20     
                                                             
       Heap:                        0       0         32768  
       Stack:                       0       0         4096   
       Linker Generated:            0       94        0      
    +--+----------------------------+-------+---------+---------+
       Grand Total:                 54087   4038      38850  


LINKER GENERATED COPY TABLES

__TI_cinit_table @ 20012328 records: 2, size/record: 8, table size: 16
	.data: load addr=200122d8, load size=0000003a bytes, run addr=2001f714, run size=000000b8 bytes, compression=lzss
	.bss: load addr=20012320, load size=00000008 bytes, run addr=2001f000, run size=00000713 bytes, compression=zero_init


LINKER GENERATED HANDLER TABLE

__TI_handler_table @ 20012314 records: 3, size/record: 4, table size: 12
	index: 0, handler: __TI_decompress_lzss
	index: 1, handler: __TI_decompress_none
	index: 2, handler: __TI_zero_init


GLOBAL SYMBOLS: SORTED ALPHABETICALLY BY Name 

address   name                                  
-------   ----                                  
20006819  AWSIoT_build_email                    
20006d33  AWSIoT_build_layer_result             
20006b6f  AWSIoT_build_scan_config              
200068c5  AWSIoT_http_post                      
200067a9  AWSIoT_init                           
200067fb  AWSIoT_sendEmail                      
20006e01  AWSIoT_sendLayerResult                
20006847  AWSIoT_set_time                       
20006c79  AWSIoT_updateScanConfig               
200083b5  Adafruit_Init                         
2000ab4d  AdjustmentUI_close                    
2000aac9  AdjustmentUI_new                      
2000ab11  AdjustmentUI_open                     
2000ab67  AdjustmentUI_step                     
2000a8bf  Button_getClicks                      
2000a8cd  Button_getHoldMicrosecond             
2000a887  Button_isClicked                      
2000a8a1  Button_isHeld                         
2000a78f  Button_new                            
2000a877  Button_resetClick                     
2000a7d5  Button_step                           
20011763  C$$EXIT                               
20011603  CPUcpsie                              
200096e1  ClearTerm                             
2000fbb9  Clock_IR                              
2000fbcd  Clock_getMicrosecond                  
2000fbd3  Clock_init                            
2000852b  Color565                              
20010f39  DmaSpiSwIntHandler                    
200096eb  Error                                 
20010b3d  GPIODirModeSet                        
20011617  GPIOIntClear                          
20011349  GPIOIntEnable                         
20011175  GPIOIntRegister                       
20010fed  GPIOIntStatus                         
2000f119  GPIOIntTypeSet                        
20011419  GPIOPinRead                           
20011075  GPIOPinWrite                          
20008a8d  GPIO_IF_ConfigureNIntEnable           
20008b19  GPIO_IF_Get                           
20008a47  GPIO_IF_GetPortNPin                   
20008809  GPIO_IF_LedConfigure                  
200088fb  GPIO_IF_LedOff                        
20008847  GPIO_IF_LedOn                         
200089af  GPIO_IF_LedStatus                     
20008a19  GPIO_IF_LedToggle                     
20008ad5  GPIO_IF_Set                           
20009723  GetCmd                                
20011669  I2CMasterControl                      
200116c1  I2CMasterDataGet                      
20011569  I2CMasterDataPut                      
2001157f  I2CMasterEnable                       
20010ccb  I2CMasterErr                          
2000f011  I2CMasterInitExpClk                   
20011595  I2CMasterIntClear                     
20011431  I2CMasterIntEnableEx                  
20011193  I2CMasterIntStatusEx                  
2001100f  I2CMasterSlaveAddrSet                 
2001167b  I2CMasterTimeoutSet                   
2000940b  I2C_IF_Close                          
200093af  I2C_IF_Open                           
200092ad  I2C_IF_Read                           
20009369  I2C_IF_ReadFrom                       
200091fd  I2C_IF_Write                          
2000fe4d  IRSensor_init                         
2000fdf9  IRSensor_readValue                    
200096a1  InitTerm                              
2000e055  IntDisable                            
2000e0fd  IntEnable                             
20011735  IntMasterEnable                       
2000feb1  IntPendClear                          
2000ffb9  IntPrioritySet                        
20011095  IntRegister                           
20010f5d  IntUnregister                         
2001162d  IntVTableBaseSet                      
20007211  Machine_abort                         
20007189  Machine_getLayersPerMM                
20007675  Machine_getPlatformAngle              
20007687  Machine_getPlatformRevTime            
20007699  Machine_getPointsScanned              
20007183  Machine_getScanHeight                 
200076a5  Machine_getScanResult                 
2000718f  Machine_getScansPerLayer              
20007681  Machine_getStepsPerMM                 
2000767b  Machine_getStepsPerRev                
2000768d  Machine_getZAxisSpeed                 
2000766f  Machine_getZPos                       
20007257  Machine_home                          
20007023  Machine_init                          
20007241  Machine_isPaused                      
2000721f  Machine_isScanning                    
20007655  Machine_moveZ                         
200071b5  Machine_pause                         
2000762d  Machine_rotatePlatform                
20007195  Machine_scan                          
20006fd7  Machine_setLayersPerMM                
2000711f  Machine_setPlatformRevTime            
20007173  Machine_setScanHeight                 
20006ffb  Machine_setScansPerLayer              
200070f5  Machine_setStepsPerMM                 
200070cb  Machine_setStepsPerRev                
20007149  Machine_setZAxisSpeed                 
200072b9  Machine_step                          
200071f5  Machine_unPause                       
20009bdd  MainOptions_close                     
20009b85  MainOptions_init                      
20009bc5  MainOptions_open                      
20009bf5  MainOptions_step                      
2000a0ab  MainScreen_close                      
2000a03f  MainScreen_init                       
2000a04d  MainScreen_open                       
2000a0fd  MainScreen_step                       
200096bf  Message                               
2000b05b  MoveOptions_adjustPlatform            
2000b035  MoveOptions_adjustZ                   
2000b101  MoveOptions_close                     
2000b08b  MoveOptions_init                      
2000b0e9  MoveOptions_open                      
2000b119  MoveOptions_step                      
200116f9  NwpMaskInterrupt                      
20010a25  NwpPowerOff                           
20010cf9  NwpPowerOn                            
200110b5  NwpPrePowerOffTimout0                 
2001087d  NwpRegisterInterruptHandler           
20011705  NwpUnMaskInterrupt                    
2000d9ad  OLED_clearScreen                      
2000d9b7  OLED_erase                            
2000d9d9  OLED_fillRect                         
2000d985  OLED_init                             
2000d9fd  OLED_write                            
20012060  OpcodeTranslateTable                  
20008e21  OptionsUI_close                       
20008e97  OptionsUI_getSelected                 
20008e69  OptionsUI_hideOption                  
20008b65  OptionsUI_new                         
20008dd7  OptionsUI_open                        
20008dc5  OptionsUI_refresh                     
20008e03  OptionsUI_reset                       
20008e3b  OptionsUI_showOption                  
20008bdf  OptionsUI_step                        
20005c83  Outstr                                
2000bd6d  PRCMCC3200MCUInit                     
200115ab  PRCMHIBRegRead                        
200115c1  PRCMHIBRegWrite                       
20010dfd  PRCMPeripheralClkDisable              
20010935  PRCMPeripheralClkEnable               
2000e8e9  PRCMPeripheralClockGet                
2000ff09  PRCMPeripheralReset                   
20010b75  PRCMPeripheralStatusGet               
20010d25  PRCMSysResetCauseGet                  
2000ee7d  PinConfigSet                          
200106bd  PinModeSet                            
2000b565  PinMuxConfig                          
20010bdd  PinTypeGPIO                           
20011283  PinTypeI2C                            
20011363  PinTypeSPI                            
2001137d  PinTypeUART                           
20009861  Report                                
200116eb  ResetISR                              
200106fd  RoundDecimalPlace                     
2001f5f9  RxIrqCnt                              
20011449  SPICSDisable                          
20011461  SPICSEnable                           
2000e249  SPIConfigSetExpClk                    
200110d5  SPIDataGet                            
200111b1  SPIDataPut                            
20011479  SPIDisable                            
20011397  SPIDmaDisable                         
200113b1  SPIDmaEnable                          
20011491  SPIEnable                             
200113cb  SPIFIFODisable                        
200113e5  SPIFIFOEnable                         
20010ba9  SPIFIFOLevelSet                       
20010409  SPIIntClear                           
200101ad  SPIIntEnable                          
200113ff  SPIIntUnregister                      
20011031  SPIReset                              
20011053  SPIWordCountSet                       
20008ebd  SettingsOption_adjustScanHeight       
20008f31  SettingsOptions_adjustPlatformSteps   
20008f05  SettingsOptions_adjustPlatformTime    
20008ed1  SettingsOptions_adjustZSpeed          
20008f1b  SettingsOptions_adjustZSteps          
20009011  SettingsOptions_close                 
20008f47  SettingsOptions_init                  
20008ff9  SettingsOptions_open                  
20009029  SettingsOptions_step                  
200045d5  SimpleLinkGeneralEventHandler         
200045b1  SimpleLinkHttpServerCallback          
2000450f  SimpleLinkNetAppEventHandler          
200045f5  SimpleLinkSockEventHandler            
20004401  SimpleLinkWlanEventHandler            
2000a677  StepperMotor_isIdle                   
2000a4b9  StepperMotor_new                      
2000a661  StepperMotor_rotate                   
2000a6a5  StepperMotor_setSpeed                 
2000a51f  StepperMotor_step                     
20010525  TimerConfigure                        
200111cf  TimerDisable                          
200111ed  TimerEnable                           
200110f5  TimerGetCurrentTimestamp              
2001168d  TimerIntClear                         
200114a9  TimerIntDisable                       
200114c1  TimerIntEnable                        
2000f661  TimerIntRegister                      
2001120b  TimerIntStatus                        
2000f8f5  TimerIntUnregister                    
20010da9  TimerLoadSet                          
20010dd3  TimerPrescaleSet                      
2001129f  TimerValueGet                         
2000b863  Timer_IF_DeInit                       
2000b895  Timer_IF_GetCount                     
2000b795  Timer_IF_Init                         
2000b7c7  Timer_IF_IntSetup                     
2000b813  Timer_IF_InterruptClear               
2000b87d  Timer_IF_ReLoad                       
2000b82b  Timer_IF_Start                        
2000b853  Timer_IF_Stop                         
200097c9  TrimSpace                             
200112bb  UARTCharGetNonBlocking                
20011229  UARTCharPut                           
200114d9  UARTCharsAvail                        
2000f501  UARTConfigSetExpClk                   
20010c0d  UARTDisable                           
20010f81  UARTEnable                            
2000cb6d  UI_init                               
2000cb89  UI_step                               
20009e37  UserInput_downButton                  
20009f11  UserInput_init                        
20009e3d  UserInput_selectButton                
20009ef5  UserInput_step                        
20009e31  UserInput_upButton                    
20011759  UtilsDelay                            
2001209c  _SlActionLookupTable                  
2000e1a5  _SlDriverHandleError                  
20010451  _SlDrvBasicCmd                        
2000dd85  _SlDrvCmdOp                           
2000f81d  _SlDrvCmdSend                         
2000a8e5  _SlDrvDataReadOp                      
2000c055  _SlDrvDataWriteOp                     
2000e425  _SlDrvDeviceEventHandler              
200116b1  _SlDrvDispatchHttpServerEvents        
2000c91d  _SlDrvDriverCBDeinit                  
2000b3b1  _SlDrvDriverCBInit                    
20010e25  _SlDrvGlobalObjUnLock                 
20010569  _SlDrvHandleHttpServerEvents          
2001073d  _SlDrvHandleNetAppEvents              
2001077d  _SlDrvHandleWlanEvents                
2000ecd9  _SlDrvIsTimeoutExpired                
200115d7  _SlDrvMemZero                         
2000d515  _SlDrvMsgReadSpawnCtx                 
2000cc75  _SlDrvNetAppEventHandler              
20010eed  _SlDrvObjLockWaitForever              
20011115  _SlDrvObjUnLock                       
20010245  _SlDrvProtectAsyncRespSetting         
20010d7d  _SlDrvProtectionObjLockWaitForever    
20010e4d  _SlDrvProtectionObjUnLock             
2000ac99  _SlDrvReleasePoolObj                  
200116cf  _SlDrvResetCmdExt                     
2001000d  _SlDrvRxIrqHandler                    
200112d7  _SlDrvStartMeasureTimeout             
20011135  _SlDrvSyncObjSignal                   
20010e75  _SlDrvSyncObjWaitForever              
200105ad  _SlDrvSyncObjWaitTimeout              
2000ba51  _SlDrvWaitForPoolObj                  
2001228c  _SlNetAppSendTokenValueCmdCtrl        
2000f579  _SlNonOsMainLoopTask                  
2000def9  _SlNonOsSemGet                        
200114f1  _SlNonOsSemSet                        
2000f9c5  _SlNonOsSpawn                         
20030000  __STACK_END                           
00001000  __STACK_SIZE                          
00008000  __SYSMEM_SIZE                         
20012328  __TI_CINIT_Base                       
20012338  __TI_CINIT_Limit                      
20012314  __TI_Handler_Table_Base               
20012320  __TI_Handler_Table_Limit              
200105f1  __TI_auto_init_nobinit_nopinit        
2000f95d  __TI_decompress_lzss                  
200116dd  __TI_decompress_none                  
20010061  __TI_ltoa                             
ffffffff  __TI_pprof_out_hndl                   
20005d59  __TI_printfi                          
ffffffff  __TI_prof_data_size                   
ffffffff  __TI_prof_data_start                  
200122d8  __TI_static_base__                    
20011729  __TI_zero_init                        
2000ef05  __aeabi_cdcmpeq                       
2000ef05  __aeabi_cdcmple                       
2000ef8b  __aeabi_cdrcmple                      
2000fc19  __aeabi_cfcmpeq                       
2000fc19  __aeabi_cfcmple                       
2000fc79  __aeabi_cfrcmple                      
2000f7af  __aeabi_d2f                           
20010499  __aeabi_d2iz                          
2000b203  __aeabi_dadd                          
2000c6b1  __aeabi_ddiv                          
2000ce79  __aeabi_dmul                          
2000b1f9  __aeabi_dsub                          
20011749  __aeabi_errno_addr                    
20010a5d  __aeabi_f2d                           
20010a95  __aeabi_f2iz                          
2000cf79  __aeabi_fadd                          
2000e97d  __aeabi_fdiv                          
2000f31d  __aeabi_fmul                          
2000cf75  __aeabi_fsub                          
20010c9d  __aeabi_i2d                           
20010acd  __aeabi_i2f                           
2000b3af  __aeabi_idiv0                         
2000b3af  __aeabi_ldiv0                         
2000f397  __aeabi_memclr                        
2000f397  __aeabi_memclr4                       
2000f397  __aeabi_memclr8                       
2000e389  __aeabi_memcpy                        
2000e389  __aeabi_memcpy4                       
2000e389  __aeabi_memcpy8                       
2000f399  __aeabi_memset                        
2000f399  __aeabi_memset4                       
2000f399  __aeabi_memset8                       
20011155  __aeabi_ui2d                          
20010fc9  __aeabi_ui2f                          
2000e851  __aeabi_uldivmod                      
ffffffff  __binit__                             
ffffffff  __c_args__                            
UNDEFED   __mpu_init                            
2002f000  __stack                               
20017000  __start___llvm_prf_cnts               
20017000  __stop___llvm_prf_cnts                
20010fa5  _c_int00_noargs                       
20011c63  _ctypes_                              
2001f7b0  _lock                                 
200087cb  _nop                                  
2000fa29  _sl_HandleAsync_Accept                
2000f19d  _sl_HandleAsync_Connect               
2000ea11  _sl_HandleAsync_DnsGetHostByName      
2000db29  _sl_HandleAsync_DnsGetHostByService   
2000ed65  _sl_HandleAsync_InitComplete          
2000eaa1  _sl_HandleAsync_PingResponse          
200100b5  _sl_HandleAsync_Select                
2001015d  _sl_HandleAsync_Stop                  
2000f889  _sl_NetAppSendTokenValue              
20017000  _sys_memory                           
UNDEFED   _system_post_cinit                    
2001175f  _system_pre_init                      
2001f7b4  _unlock                               
20011763  abort                                 
2000cd79  aligned_alloc                         
200102dd  atoi                                  
ffffffff  binit                                 
20009e8b  buttonInterruptHandler                
2000cc0d  compare                               
20004fb1  connectToAccessPoint                  
20011711  copysign                              
2001171d  copysignf                             
20011711  copysignl                             
2001f750  cursor_x                              
2001f754  cursor_y                              
20005b37  drawChar                              
200052d9  drawCircle                            
2000540d  drawCircleHelper                      
200086d5  drawFastHLine                         
20008635  drawFastVLine                         
20005653  drawLine                              
20008771  drawPixel                             
2000573f  drawRect                              
2000578d  drawRoundRect                         
200058f5  drawTriangle                          
2001f7c4  errno                                 
2000552b  fillCircle                            
20005565  fillCircleHelper                      
20008583  fillRect                              
2000587b  fillRoundRect                         
2000856d  fillScreen                            
20005937  fillTriangle                          
2000f411  floorf                                
2000d5fd  free                                  
2000fe55  frexp                                 
2000fe55  frexpl                                
2001f700  g_Host                                
2001f77c  g_SlDeviceStatus                      
2001f7a4  g_SpiFd                               
2001f714  g__SlNonOsCB                          
2001f6e0  g_app_config                          
2001f5fa  g_bDeviceRestartIsRequired            
2001f5fb  g_cDummy                              
2001f780  g_pCB                                 
2001f7a8  g_pHostIntHdl                         
20004000  g_pfnVectors                          
2001f704  g_port                                
2001f5fc  g_time                                
2001f6e8  g_ucConnectionBSSID                   
2001f628  g_ucConnectionSSID                    
2001f7ac  g_ucDMAEnabled                        
2001f568  g_ucDinDout                           
2001f710  g_ucLED1Pin                           
2001f711  g_ucLED2Pin                           
2001f712  g_ucLED3Pin                           
2001f78c  g_uiLED1Port                          
2001f790  g_uiLED2Port                          
2001f794  g_uiLED3Port                          
2001f7a0  g_ulGatewayIP                         
2001f79c  g_ulPingPacketsRecv                   
2001f798  g_ulStatus                            
2000a0b9  getScanProgress                       
2000a025  getStateText                          
200084e7  goTo                                  
20005d37  height                                
200087af  invert                                
2001f708  lastIRTimeUs                          
2001f70c  lastMoved                             
2000da59  ldexp                                 
2000dfa9  ldexpf                                
2000da59  ldexpl                                
2000cc23  main                                  
20011751  malloc                                
2000cd79  memalign                              
20011311  memccpy                               
2000e389  memcpy                                
20010ec5  memmove                               
2000f39f  memset                                
2001f784  pPingCallBackFunc                     
20007705  powf                                  
20009e43  processButtonInterrupt                
2000cbb9  read_reg                              
2000d6e1  realloc                               
2000f5ed  roundf                                
2000da59  scalbn                                
2000dfa9  scalbnf                               
2000da59  scalbnl                               
20005ccf  setCursor                             
20005d07  setTextColor                          
20005ce7  setTextSize                           
20005d1f  setTextWrap                           
20010971  simplelink_timerA2_start              
2000fcd9  sl_Close                              
2000bbe1  sl_Connect                            
2000dbf5  sl_DevGet                             
2000e4c1  sl_DevSet                             
20010679  sl_Htonl                              
200109ad  sl_Htons                              
2000c431  sl_NetAppDnsGetHostByName             
2000d7c5  sl_NetAppMDNSRegisterUnregisterService
2000fa8d  sl_NetAppMDNSUnRegisterService        
2000e559  sl_NetCfgSet                          
20010f13  sl_Provisioning_HttpServerEventHdl    
20010f21  sl_Provisioning_NetAppEventHdl        
20010f2d  sl_Provisioning_WlanEventHdl          
2000e2e9  sl_Recv                               
2000c7e9  sl_Send                               
2000e5f1  sl_SetSockOpt                         
2000edf1  sl_Socket                             
2000d341  sl_Start                              
2000d071  sl_Stop                               
20009421  sl_WlanConnect                        
20010b05  sl_WlanDisconnect                     
2000eb31  sl_WlanPolicySet                      
2000fd39  sl_WlanProfileDel                     
2000f095  sl_WlanRxFilterSet                    
2000e689  sl_WlanSet                            
2000fd99  sl_WlanSetMode                        
20010329  snprintf                              
2000f489  spi_Close                             
2000c1a5  spi_Open                              
2000d161  spi_Read                              
2000e721  spi_Write                             
200107fd  sprintf                               
2000e7b9  sqrtf                                 
20011265  strcat                                
200115ed  strchr                                
20011641  strcpy                                
20011655  strlen                                
2001f760  textbgcolor                           
2001f75c  textcolor                             
2001f758  textsize                              
20004dd1  tls_connect                           
20010375  uDMAChannelAssign                     
2000faf1  uDMAChannelAttributeDisable           
2000fb55  uDMAChannelAttributeEnable            
200109e9  uDMAChannelControlSet                 
2001132d  uDMAChannelEnable                     
2000d251  uDMAChannelTransferSet                
2001083d  vsnprintf                             
2001169f  wcslen                                
20005d33  width                                 
2001f764  wrap                                  
20008351  writeCommand                          
20008383  writeData                             


GLOBAL SYMBOLS: SORTED BY Symbol Address 

address   name                                  
-------   ----                                  
00001000  __STACK_SIZE                          
00008000  __SYSMEM_SIZE                         
20004000  g_pfnVectors                          
20004401  SimpleLinkWlanEventHandler            
2000450f  SimpleLinkNetAppEventHandler          
200045b1  SimpleLinkHttpServerCallback          
200045d5  SimpleLinkGeneralEventHandler         
200045f5  SimpleLinkSockEventHandler            
20004dd1  tls_connect                           
20004fb1  connectToAccessPoint                  
200052d9  drawCircle                            
2000540d  drawCircleHelper                      
2000552b  fillCircle                            
20005565  fillCircleHelper                      
20005653  drawLine                              
2000573f  drawRect                              
2000578d  drawRoundRect                         
2000587b  fillRoundRect                         
200058f5  drawTriangle                          
20005937  fillTriangle                          
20005b37  drawChar                              
20005c83  Outstr                                
20005ccf  setCursor                             
20005ce7  setTextSize                           
20005d07  setTextColor                          
20005d1f  setTextWrap                           
20005d33  width                                 
20005d37  height                                
20005d59  __TI_printfi                          
200067a9  AWSIoT_init                           
200067fb  AWSIoT_sendEmail                      
20006819  AWSIoT_build_email                    
20006847  AWSIoT_set_time                       
200068c5  AWSIoT_http_post                      
20006b6f  AWSIoT_build_scan_config              
20006c79  AWSIoT_updateScanConfig               
20006d33  AWSIoT_build_layer_result             
20006e01  AWSIoT_sendLayerResult                
20006fd7  Machine_setLayersPerMM                
20006ffb  Machine_setScansPerLayer              
20007023  Machine_init                          
200070cb  Machine_setStepsPerRev                
200070f5  Machine_setStepsPerMM                 
2000711f  Machine_setPlatformRevTime            
20007149  Machine_setZAxisSpeed                 
20007173  Machine_setScanHeight                 
20007183  Machine_getScanHeight                 
20007189  Machine_getLayersPerMM                
2000718f  Machine_getScansPerLayer              
20007195  Machine_scan                          
200071b5  Machine_pause                         
200071f5  Machine_unPause                       
20007211  Machine_abort                         
2000721f  Machine_isScanning                    
20007241  Machine_isPaused                      
20007257  Machine_home                          
200072b9  Machine_step                          
2000762d  Machine_rotatePlatform                
20007655  Machine_moveZ                         
2000766f  Machine_getZPos                       
20007675  Machine_getPlatformAngle              
2000767b  Machine_getStepsPerRev                
20007681  Machine_getStepsPerMM                 
20007687  Machine_getPlatformRevTime            
2000768d  Machine_getZAxisSpeed                 
20007699  Machine_getPointsScanned              
200076a5  Machine_getScanResult                 
20007705  powf                                  
20008351  writeCommand                          
20008383  writeData                             
200083b5  Adafruit_Init                         
200084e7  goTo                                  
2000852b  Color565                              
2000856d  fillScreen                            
20008583  fillRect                              
20008635  drawFastVLine                         
200086d5  drawFastHLine                         
20008771  drawPixel                             
200087af  invert                                
200087cb  _nop                                  
20008809  GPIO_IF_LedConfigure                  
20008847  GPIO_IF_LedOn                         
200088fb  GPIO_IF_LedOff                        
200089af  GPIO_IF_LedStatus                     
20008a19  GPIO_IF_LedToggle                     
20008a47  GPIO_IF_GetPortNPin                   
20008a8d  GPIO_IF_ConfigureNIntEnable           
20008ad5  GPIO_IF_Set                           
20008b19  GPIO_IF_Get                           
20008b65  OptionsUI_new                         
20008bdf  OptionsUI_step                        
20008dc5  OptionsUI_refresh                     
20008dd7  OptionsUI_open                        
20008e03  OptionsUI_reset                       
20008e21  OptionsUI_close                       
20008e3b  OptionsUI_showOption                  
20008e69  OptionsUI_hideOption                  
20008e97  OptionsUI_getSelected                 
20008ebd  SettingsOption_adjustScanHeight       
20008ed1  SettingsOptions_adjustZSpeed          
20008f05  SettingsOptions_adjustPlatformTime    
20008f1b  SettingsOptions_adjustZSteps          
20008f31  SettingsOptions_adjustPlatformSteps   
20008f47  SettingsOptions_init                  
20008ff9  SettingsOptions_open                  
20009011  SettingsOptions_close                 
20009029  SettingsOptions_step                  
200091fd  I2C_IF_Write                          
200092ad  I2C_IF_Read                           
20009369  I2C_IF_ReadFrom                       
200093af  I2C_IF_Open                           
2000940b  I2C_IF_Close                          
20009421  sl_WlanConnect                        
200096a1  InitTerm                              
200096bf  Message                               
200096e1  ClearTerm                             
200096eb  Error                                 
20009723  GetCmd                                
200097c9  TrimSpace                             
20009861  Report                                
20009b85  MainOptions_init                      
20009bc5  MainOptions_open                      
20009bdd  MainOptions_close                     
20009bf5  MainOptions_step                      
20009e31  UserInput_upButton                    
20009e37  UserInput_downButton                  
20009e3d  UserInput_selectButton                
20009e43  processButtonInterrupt                
20009e8b  buttonInterruptHandler                
20009ef5  UserInput_step                        
20009f11  UserInput_init                        
2000a025  getStateText                          
2000a03f  MainScreen_init                       
2000a04d  MainScreen_open                       
2000a0ab  MainScreen_close                      
2000a0b9  getScanProgress                       
2000a0fd  MainScreen_step                       
2000a4b9  StepperMotor_new                      
2000a51f  StepperMotor_step                     
2000a661  StepperMotor_rotate                   
2000a677  StepperMotor_isIdle                   
2000a6a5  StepperMotor_setSpeed                 
2000a78f  Button_new                            
2000a7d5  Button_step                           
2000a877  Button_resetClick                     
2000a887  Button_isClicked                      
2000a8a1  Button_isHeld                         
2000a8bf  Button_getClicks                      
2000a8cd  Button_getHoldMicrosecond             
2000a8e5  _SlDrvDataReadOp                      
2000aac9  AdjustmentUI_new                      
2000ab11  AdjustmentUI_open                     
2000ab4d  AdjustmentUI_close                    
2000ab67  AdjustmentUI_step                     
2000ac99  _SlDrvReleasePoolObj                  
2000b035  MoveOptions_adjustZ                   
2000b05b  MoveOptions_adjustPlatform            
2000b08b  MoveOptions_init                      
2000b0e9  MoveOptions_open                      
2000b101  MoveOptions_close                     
2000b119  MoveOptions_step                      
2000b1f9  __aeabi_dsub                          
2000b203  __aeabi_dadd                          
2000b3af  __aeabi_idiv0                         
2000b3af  __aeabi_ldiv0                         
2000b3b1  _SlDrvDriverCBInit                    
2000b565  PinMuxConfig                          
2000b795  Timer_IF_Init                         
2000b7c7  Timer_IF_IntSetup                     
2000b813  Timer_IF_InterruptClear               
2000b82b  Timer_IF_Start                        
2000b853  Timer_IF_Stop                         
2000b863  Timer_IF_DeInit                       
2000b87d  Timer_IF_ReLoad                       
2000b895  Timer_IF_GetCount                     
2000ba51  _SlDrvWaitForPoolObj                  
2000bbe1  sl_Connect                            
2000bd6d  PRCMCC3200MCUInit                     
2000c055  _SlDrvDataWriteOp                     
2000c1a5  spi_Open                              
2000c431  sl_NetAppDnsGetHostByName             
2000c6b1  __aeabi_ddiv                          
2000c7e9  sl_Send                               
2000c91d  _SlDrvDriverCBDeinit                  
2000cb6d  UI_init                               
2000cb89  UI_step                               
2000cbb9  read_reg                              
2000cc0d  compare                               
2000cc23  main                                  
2000cc75  _SlDrvNetAppEventHandler              
2000cd79  aligned_alloc                         
2000cd79  memalign                              
2000ce79  __aeabi_dmul                          
2000cf75  __aeabi_fsub                          
2000cf79  __aeabi_fadd                          
2000d071  sl_Stop                               
2000d161  spi_Read                              
2000d251  uDMAChannelTransferSet                
2000d341  sl_Start                              
2000d515  _SlDrvMsgReadSpawnCtx                 
2000d5fd  free                                  
2000d6e1  realloc                               
2000d7c5  sl_NetAppMDNSRegisterUnregisterService
2000d985  OLED_init                             
2000d9ad  OLED_clearScreen                      
2000d9b7  OLED_erase                            
2000d9d9  OLED_fillRect                         
2000d9fd  OLED_write                            
2000da59  ldexp                                 
2000da59  ldexpl                                
2000da59  scalbn                                
2000da59  scalbnl                               
2000db29  _sl_HandleAsync_DnsGetHostByService   
2000dbf5  sl_DevGet                             
2000dd85  _SlDrvCmdOp                           
2000def9  _SlNonOsSemGet                        
2000dfa9  ldexpf                                
2000dfa9  scalbnf                               
2000e055  IntDisable                            
2000e0fd  IntEnable                             
2000e1a5  _SlDriverHandleError                  
2000e249  SPIConfigSetExpClk                    
2000e2e9  sl_Recv                               
2000e389  __aeabi_memcpy                        
2000e389  __aeabi_memcpy4                       
2000e389  __aeabi_memcpy8                       
2000e389  memcpy                                
2000e425  _SlDrvDeviceEventHandler              
2000e4c1  sl_DevSet                             
2000e559  sl_NetCfgSet                          
2000e5f1  sl_SetSockOpt                         
2000e689  sl_WlanSet                            
2000e721  spi_Write                             
2000e7b9  sqrtf                                 
2000e851  __aeabi_uldivmod                      
2000e8e9  PRCMPeripheralClockGet                
2000e97d  __aeabi_fdiv                          
2000ea11  _sl_HandleAsync_DnsGetHostByName      
2000eaa1  _sl_HandleAsync_PingResponse          
2000eb31  sl_WlanPolicySet                      
2000ecd9  _SlDrvIsTimeoutExpired                
2000ed65  _sl_HandleAsync_InitComplete          
2000edf1  sl_Socket                             
2000ee7d  PinConfigSet                          
2000ef05  __aeabi_cdcmpeq                       
2000ef05  __aeabi_cdcmple                       
2000ef8b  __aeabi_cdrcmple                      
2000f011  I2CMasterInitExpClk                   
2000f095  sl_WlanRxFilterSet                    
2000f119  GPIOIntTypeSet                        
2000f19d  _sl_HandleAsync_Connect               
2000f31d  __aeabi_fmul                          
2000f397  __aeabi_memclr                        
2000f397  __aeabi_memclr4                       
2000f397  __aeabi_memclr8                       
2000f399  __aeabi_memset                        
2000f399  __aeabi_memset4                       
2000f399  __aeabi_memset8                       
2000f39f  memset                                
2000f411  floorf                                
2000f489  spi_Close                             
2000f501  UARTConfigSetExpClk                   
2000f579  _SlNonOsMainLoopTask                  
2000f5ed  roundf                                
2000f661  TimerIntRegister                      
2000f7af  __aeabi_d2f                           
2000f81d  _SlDrvCmdSend                         
2000f889  _sl_NetAppSendTokenValue              
2000f8f5  TimerIntUnregister                    
2000f95d  __TI_decompress_lzss                  
2000f9c5  _SlNonOsSpawn                         
2000fa29  _sl_HandleAsync_Accept                
2000fa8d  sl_NetAppMDNSUnRegisterService        
2000faf1  uDMAChannelAttributeDisable           
2000fb55  uDMAChannelAttributeEnable            
2000fbb9  Clock_IR                              
2000fbcd  Clock_getMicrosecond                  
2000fbd3  Clock_init                            
2000fc19  __aeabi_cfcmpeq                       
2000fc19  __aeabi_cfcmple                       
2000fc79  __aeabi_cfrcmple                      
2000fcd9  sl_Close                              
2000fd39  sl_WlanProfileDel                     
2000fd99  sl_WlanSetMode                        
2000fdf9  IRSensor_readValue                    
2000fe4d  IRSensor_init                         
2000fe55  frexp                                 
2000fe55  frexpl                                
2000feb1  IntPendClear                          
2000ff09  PRCMPeripheralReset                   
2000ffb9  IntPrioritySet                        
2001000d  _SlDrvRxIrqHandler                    
20010061  __TI_ltoa                             
200100b5  _sl_HandleAsync_Select                
2001015d  _sl_HandleAsync_Stop                  
200101ad  SPIIntEnable                          
20010245  _SlDrvProtectAsyncRespSetting         
200102dd  atoi                                  
20010329  snprintf                              
20010375  uDMAChannelAssign                     
20010409  SPIIntClear                           
20010451  _SlDrvBasicCmd                        
20010499  __aeabi_d2iz                          
20010525  TimerConfigure                        
20010569  _SlDrvHandleHttpServerEvents          
200105ad  _SlDrvSyncObjWaitTimeout              
200105f1  __TI_auto_init_nobinit_nopinit        
20010679  sl_Htonl                              
200106bd  PinModeSet                            
200106fd  RoundDecimalPlace                     
2001073d  _SlDrvHandleNetAppEvents              
2001077d  _SlDrvHandleWlanEvents                
200107fd  sprintf                               
2001083d  vsnprintf                             
2001087d  NwpRegisterInterruptHandler           
20010935  PRCMPeripheralClkEnable               
20010971  simplelink_timerA2_start              
200109ad  sl_Htons                              
200109e9  uDMAChannelControlSet                 
20010a25  NwpPowerOff                           
20010a5d  __aeabi_f2d                           
20010a95  __aeabi_f2iz                          
20010acd  __aeabi_i2f                           
20010b05  sl_WlanDisconnect                     
20010b3d  GPIODirModeSet                        
20010b75  PRCMPeripheralStatusGet               
20010ba9  SPIFIFOLevelSet                       
20010bdd  PinTypeGPIO                           
20010c0d  UARTDisable                           
20010c9d  __aeabi_i2d                           
20010ccb  I2CMasterErr                          
20010cf9  NwpPowerOn                            
20010d25  PRCMSysResetCauseGet                  
20010d7d  _SlDrvProtectionObjLockWaitForever    
20010da9  TimerLoadSet                          
20010dd3  TimerPrescaleSet                      
20010dfd  PRCMPeripheralClkDisable              
20010e25  _SlDrvGlobalObjUnLock                 
20010e4d  _SlDrvProtectionObjUnLock             
20010e75  _SlDrvSyncObjWaitForever              
20010ec5  memmove                               
20010eed  _SlDrvObjLockWaitForever              
20010f13  sl_Provisioning_HttpServerEventHdl    
20010f21  sl_Provisioning_NetAppEventHdl        
20010f2d  sl_Provisioning_WlanEventHdl          
20010f39  DmaSpiSwIntHandler                    
20010f5d  IntUnregister                         
20010f81  UARTEnable                            
20010fa5  _c_int00_noargs                       
20010fc9  __aeabi_ui2f                          
20010fed  GPIOIntStatus                         
2001100f  I2CMasterSlaveAddrSet                 
20011031  SPIReset                              
20011053  SPIWordCountSet                       
20011075  GPIOPinWrite                          
20011095  IntRegister                           
200110b5  NwpPrePowerOffTimout0                 
200110d5  SPIDataGet                            
200110f5  TimerGetCurrentTimestamp              
20011115  _SlDrvObjUnLock                       
20011135  _SlDrvSyncObjSignal                   
20011155  __aeabi_ui2d                          
20011175  GPIOIntRegister                       
20011193  I2CMasterIntStatusEx                  
200111b1  SPIDataPut                            
200111cf  TimerDisable                          
200111ed  TimerEnable                           
2001120b  TimerIntStatus                        
20011229  UARTCharPut                           
20011265  strcat                                
20011283  PinTypeI2C                            
2001129f  TimerValueGet                         
200112bb  UARTCharGetNonBlocking                
200112d7  _SlDrvStartMeasureTimeout             
20011311  memccpy                               
2001132d  uDMAChannelEnable                     
20011349  GPIOIntEnable                         
20011363  PinTypeSPI                            
2001137d  PinTypeUART                           
20011397  SPIDmaDisable                         
200113b1  SPIDmaEnable                          
200113cb  SPIFIFODisable                        
200113e5  SPIFIFOEnable                         
200113ff  SPIIntUnregister                      
20011419  GPIOPinRead                           
20011431  I2CMasterIntEnableEx                  
20011449  SPICSDisable                          
20011461  SPICSEnable                           
20011479  SPIDisable                            
20011491  SPIEnable                             
200114a9  TimerIntDisable                       
200114c1  TimerIntEnable                        
200114d9  UARTCharsAvail                        
200114f1  _SlNonOsSemSet                        
20011569  I2CMasterDataPut                      
2001157f  I2CMasterEnable                       
20011595  I2CMasterIntClear                     
200115ab  PRCMHIBRegRead                        
200115c1  PRCMHIBRegWrite                       
200115d7  _SlDrvMemZero                         
200115ed  strchr                                
20011603  CPUcpsie                              
20011617  GPIOIntClear                          
2001162d  IntVTableBaseSet                      
20011641  strcpy                                
20011655  strlen                                
20011669  I2CMasterControl                      
2001167b  I2CMasterTimeoutSet                   
2001168d  TimerIntClear                         
2001169f  wcslen                                
200116b1  _SlDrvDispatchHttpServerEvents        
200116c1  I2CMasterDataGet                      
200116cf  _SlDrvResetCmdExt                     
200116dd  __TI_decompress_none                  
200116eb  ResetISR                              
200116f9  NwpMaskInterrupt                      
20011705  NwpUnMaskInterrupt                    
20011711  copysign                              
20011711  copysignl                             
2001171d  copysignf                             
20011729  __TI_zero_init                        
20011735  IntMasterEnable                       
20011749  __aeabi_errno_addr                    
20011751  malloc                                
20011759  UtilsDelay                            
2001175f  _system_pre_init                      
20011763  C$$EXIT                               
20011763  abort                                 
20011c63  _ctypes_                              
20012060  OpcodeTranslateTable                  
2001209c  _SlActionLookupTable                  
2001228c  _SlNetAppSendTokenValueCmdCtrl        
200122d8  __TI_static_base__                    
20012314  __TI_Handler_Table_Base               
20012320  __TI_Handler_Table_Limit              
20012328  __TI_CINIT_Base                       
20012338  __TI_CINIT_Limit                      
20017000  __start___llvm_prf_cnts               
20017000  __stop___llvm_prf_cnts                
20017000  _sys_memory                           
2001f568  g_ucDinDout                           
2001f5f9  RxIrqCnt                              
2001f5fa  g_bDeviceRestartIsRequired            
2001f5fb  g_cDummy                              
2001f5fc  g_time                                
2001f628  g_ucConnectionSSID                    
2001f6e0  g_app_config                          
2001f6e8  g_ucConnectionBSSID                   
2001f700  g_Host                                
2001f704  g_port                                
2001f708  lastIRTimeUs                          
2001f70c  lastMoved                             
2001f710  g_ucLED1Pin                           
2001f711  g_ucLED2Pin                           
2001f712  g_ucLED3Pin                           
2001f714  g__SlNonOsCB                          
2001f750  cursor_x                              
2001f754  cursor_y                              
2001f758  textsize                              
2001f75c  textcolor                             
2001f760  textbgcolor                           
2001f764  wrap                                  
2001f77c  g_SlDeviceStatus                      
2001f780  g_pCB                                 
2001f784  pPingCallBackFunc                     
2001f78c  g_uiLED1Port                          
2001f790  g_uiLED2Port                          
2001f794  g_uiLED3Port                          
2001f798  g_ulStatus                            
2001f79c  g_ulPingPacketsRecv                   
2001f7a0  g_ulGatewayIP                         
2001f7a4  g_SpiFd                               
2001f7a8  g_pHostIntHdl                         
2001f7ac  g_ucDMAEnabled                        
2001f7b0  _lock                                 
2001f7b4  _unlock                               
2001f7c4  errno                                 
2002f000  __stack                               
20030000  __STACK_END                           
ffffffff  __TI_pprof_out_hndl                   
ffffffff  __TI_prof_data_size                   
ffffffff  __TI_prof_data_start                  
ffffffff  __binit__                             
ffffffff  __c_args__                            
ffffffff  binit                                 
UNDEFED   __mpu_init                            
UNDEFED   _system_post_cinit                    

[487 symbols]
